32x6 have TRUE 1 cpp_validated 0.019 s
32x6 have TRUE 1 cpp_direct 0.013 s
32x6 have TRUE 1 current 6.562 s
32x6 have TRUE 2 cpp_direct 0.013 s
32x6 have TRUE 2 cpp_validated 0.018 s
32x6 have TRUE 2 current 6.577 s
32x6 have TRUE 3 cpp_validated 0.018 s
32x6 have TRUE 3 current 6.638 s
32x6 have TRUE 3 cpp_direct 0.013 s
32x6 count TRUE 1 current 6.942 s
32x6 count TRUE 1 cpp_validated 0.022 s
32x6 count TRUE 1 cpp_direct 0.017 s
32x6 count TRUE 2 current 7.073 s
32x6 count TRUE 2 cpp_direct 0.017 s
32x6 count TRUE 2 cpp_validated 0.022 s
32x6 count TRUE 3 current 7.142 s
32x6 count TRUE 3 cpp_direct 0.017 s
32x6 count TRUE 3 cpp_validated 0.022 s
32x6 match TRUE 1 cpp_validated 0.022 s
32x6 match TRUE 1 current 7.435 s
32x6 match TRUE 1 cpp_direct 0.017 s
32x6 match TRUE 2 cpp_direct 0.018 s
32x6 match TRUE 2 current 7.513 s
32x6 match TRUE 2 cpp_validated 0.022 s
32x6 match TRUE 3 cpp_validated 0.023 s
32x6 match TRUE 3 current 7.636 s
32x6 match TRUE 3 cpp_direct 0.017 s
32x6-any have FALSE 1 cpp_direct 0.004 s
32x6-any have FALSE 1 cpp_validated 0.01 s
32x6-any have FALSE 1 current 8.029 s
32x6-any have FALSE 2 cpp_direct 0.004 s
32x6-any have FALSE 2 cpp_validated 0.01 s
32x6-any have FALSE 2 current 8.256 s
32x6-any have FALSE 3 cpp_direct 0.004 s
32x6-any have FALSE 3 cpp_validated 0.01 s
32x6-any have FALSE 3 current 8.398 s
503x6 have TRUE 1 cpp_direct 0.219 s
503x6 have TRUE 1 current 238.062 s
503x6 have TRUE 1 cpp_validated 0.292 s
503x6 have TRUE 2 cpp_validated 0.228 s
503x6 have TRUE 2 cpp_direct 0.18 s
503x6 have TRUE 2 current 258.633 s
503x6 have TRUE 3 cpp_validated 0.316 s
503x6 have TRUE 3 cpp_direct 0.183 s
503x6 have TRUE 3 current 309.958 s
BENCHMARK DONE
