Reference matching 10 / 503
Reference matching 20 / 503
Reference matching 30 / 503
Reference matching 40 / 503
Reference matching 50 / 503
Reference matching 60 / 503
Reference matching 70 / 503
Reference matching 80 / 503
Reference matching 90 / 503
Reference matching 100 / 503
Reference matching 110 / 503
Reference matching 120 / 503
Reference matching 130 / 503
Reference matching 140 / 503
Reference matching 150 / 503
Reference matching 160 / 503
Reference matching 170 / 503
Reference matching 180 / 503
Reference matching 190 / 503
Reference matching 200 / 503
Reference matching 210 / 503
Reference matching 220 / 503
Reference matching 230 / 503
Reference matching 240 / 503
Reference matching 250 / 503
Reference matching 260 / 503
Reference matching 270 / 503
Reference matching 280 / 503
Reference matching 290 / 503
Reference matching 300 / 503
Reference matching 310 / 503
Reference matching 320 / 503
Reference matching 330 / 503
Reference matching 340 / 503
Reference matching 350 / 503
Reference matching 360 / 503
Reference matching 370 / 503
Reference matching 380 / 503
Reference matching 390 / 503
Reference matching 400 / 503
Reference matching 410 / 503
Reference matching 420 / 503
Reference matching 430 / 503
Reference matching 440 / 503
Reference matching 450 / 503
Reference matching 460 / 503
Reference matching 470 / 503
Reference matching 480 / 503
Reference matching 490 / 503
Reference matching 500 / 503
Full corpus identical have TRUE
Full corpus identical count TRUE
Full corpus identical match TRUE
Full corpus identical have FALSE
Full corpus identical count FALSE
Full corpus identical match FALSE
CORPUS MATCH AUDIT DONE
